Query OK, 0 rows affected (0.068 sec)

Query OK, 0 rows affected (0.020 sec)

Query OK, 0 rows affected (0.014 sec)

Query OK, 0 rows affected (0.020 sec)

Query OK, 0 rows affected (0.012 sec)
Records: 0  Duplicates: 0  Warnings: 0

Query OK, 0 rows affected (0.019 sec)

Query OK, 0 rows affected (0.014 sec)

Query OK, 0 rows affected (0.013 sec)

Query OK, 0 rows affected (0.016 sec)

Query OK, 0 rows affected (0.016 sec)

Query OK, 0 rows affected (0.014 sec)

Query OK, 6 rows affected (0.002 sec)
Records: 6  Duplicates: 0  Warnings: 0

Query OK, 12 rows affected (0.003 sec)
Records: 12  Duplicates: 0  Warnings: 0

Query OK, 4 rows affected (0.004 sec)
Records: 4  Duplicates: 0  Warnings: 0

Query OK, 13 rows affected (0.004 sec)
Records: 13  Duplicates: 0  Warnings: 0

Query OK, 9 rows affected (0.003 sec)
Records: 9  Duplicates: 0  Warnings: 0

Query OK, 8 rows affected (0.002 sec)
Records: 8  Duplicates: 0  Warnings: 0

Query OK, 12 rows affected (0.003 sec)
Records: 12  Duplicates: 0  Warnings: 0

Query OK, 11 rows affected (0.005 sec)
Records: 11  Duplicates: 0  Warnings: 0

Query OK, 14 rows affected (0.003 sec)
Records: 14  Duplicates: 0  Warnings: 0

+----+-----------+
| id | username  |
+----+-----------+
|  1 | that_yuck |
+----+-----------+
1 row in set (0.000 sec)

Query OK, 1 row affected (0.002 sec)

+----+----------+
| id | username |
+----+----------+
|  7 | billnye  |
+----+----------+
1 row in set (0.000 sec)

+----+-------------+-----------------------------------------+---------+--------------+
| id | name        | description                             | user_id | base_stat_id |
+----+-------------+-----------------------------------------+---------+--------------+
|  1 | Damian Skye | Male Half-Elf, Blood Hunter 3/ Wizard 1 |       2 |            1 |
+----+-------------+-----------------------------------------+---------+--------------+
1 row in set (0.001 sec)

Query OK, 0 rows affected (0.000 sec)

Query OK, 1 row affected (0.001 sec)

Query OK, 1 row affected (0.001 sec)

Query OK, 0 rows affected (0.002 sec)

+----------+-------+-----------------------------------+
| name     | level | description                       |
+----------+-------+-----------------------------------+
| Firebolt |     0 | A bolt of fire deals 1d10 damage. |
+----------+-------+-----------------------------------+
1 row in set (0.000 sec)

Query OK, 0 rows affected (0.000 sec)

Query OK, 1 row affected (0.001 sec)

Query OK, 1 row affected (0.000 sec)

Query OK, 1 row affected (0.000 sec)

Query OK, 0 rows affected (0.003 sec)

+----------------+----------------------------+-----------------+--------------+---------------------+
| item_name      | item_description           | ability_name    | ability_type | ability_description |
+----------------+----------------------------+-----------------+--------------+---------------------+
| Healing Potion | Effect: Restore 2d4 + 2 HP | Attack (Dagger) | action       | 1d4 Slashing        |
+----------------+----------------------------+-----------------+--------------+---------------------+
1 row in set (0.000 sec)

Query OK, 0 rows affected (0.000 sec)

Query OK, 1 row affected (0.000 sec)

Query OK, 1 row affected (0.000 sec)

Query OK, 0 rows affected (0.002 sec)

+------+--------+-------------------------------------+
| name | type   | description                         |
+------+--------+-------------------------------------+
| Rage | action | Enter a frenzied rage for 1 minute. |
+------+--------+-------------------------------------+
1 row in set (0.000 sec)

Query OK, 0 rows affected (0.003 sec)

+--------------+----------------+-------------------------+
| character_id | character_name | character_base_charisma |
+--------------+----------------+-------------------------+
|            4 | Jill Rogue     |                      16 |
+--------------+----------------+-------------------------+
1 row in set (0.001 sec)

Query OK, 1 row affected (0.002 sec)
Rows matched: 1  Changed: 1  Warnings: 0

+--------------+----------------+-------------------------+
| character_id | character_name | character_base_charisma |
+--------------+----------------+-------------------------+
|            4 | Jill Rogue     |                      19 |
+--------------+----------------+-------------------------+
1 row in set (0.001 sec)

Query OK, 0 rows affected (0.003 sec)

Query OK, 1 row affected (0.002 sec)

+---------------+------------------+-------------+
| charcter_name | spell_name       | activations |
+---------------+------------------+-------------+
| Krovav        | Friends          |           0 |
| Krovav        | Longstrider      |           3 |
| Krovav        | Toll the Dead    |           0 |
| Krovav        | Disguise Self    |           0 |
| Krovav        | Eldritch Blast   |           0 |
| Krovav        | Armor of Agathys |           0 |
| Krovav        | Fly              |           1 |
+---------------+------------------+-------------+
7 rows in set (0.001 sec)

Query OK, 1 row affected (0.002 sec)

+----------------+-------------------+---------------+
| charcter_name  | item_name         | item_quantity |
+----------------+-------------------+---------------+
| John Barbarian | Rations (1 day)   |             5 |
| John Barbarian | Potion of Healing |             2 |
| John Barbarian | Chain Shirt       |             2 |
+----------------+-------------------+---------------+
3 rows in set (0.001 sec)

Query OK, 1 row affected (0.002 sec)

+---------------+---------------------+
| charcter_name | ability_name        |
+---------------+---------------------+
| Jill Rogue    | Unarmed Strike      |
| Jill Rogue    | Dash                |
| Jill Rogue    | Dash (Bonus Action) |
| Jill Rogue    | Attack (Dagger)     |
+---------------+---------------------+
4 rows in set (0.001 sec)
