MySQL [changeme]> source db/tests/test_production.sql
ERROR at line 1 in file: 'db/tests/test_production.sql': Failed to open file 'prod/load_prod.sql', error: 2
+----+----------+
| id | username |
+----+----------+
|  1 | mwgrk    |
+----+----------+
1 row in set (0.001 sec)

Query OK, 1 row affected (0.008 sec)

+----+----------+
| id | username |
+----+----------+
| 11 | billnye  |
+----+----------+
1 row in set (0.001 sec)

Query OK, 0 rows affected (0.000 sec)
Rows matched: 0  Changed: 0  Warnings: 0

Query OK, 0 rows affected (0.000 sec)
Rows matched: 0  Changed: 0  Warnings: 0

+----+-------------+----------------+------------+----------+-----------+--------------+--------+----------+--------------+-----------+------------+-----------------+---------+--------+---------+---------------+--------+----------+-----------------+---------+----------+------------+----------+-----------+--------------+-------------+------------+------------+
| id | armor_class | current_health | max_health | strength | dexterity | intelligence | wisdom | charisma | constitution | athletics | acrobatics | sleight_of_hand | stealth | arcana | history | investigation | nature | religion | animal_handling | insight | medicine | perception | survival | deception | intimidation | performance | persuasion | multiplier |
+----+-------------+----------------+------------+----------+-----------+--------------+--------+----------+--------------+-----------+------------+-----------------+---------+--------+---------+---------------+--------+----------+-----------------+---------+----------+------------+----------+-----------+--------------+-------------+------------+------------+
|  1 |          18 |             45 |         45 |       14 |        10 |            8 |     12 |       10 |           14 |         5 |          0 |              -1 |       0 |      0 |       2 |             1 |      0 |        0 |               0 |       3 |        0 |          2 |        0 |         1 |            0 |           2 |          0 |          1 |
+----+-------------+----------------+------------+----------+-----------+--------------+--------+----------+--------------+-----------+------------+-----------------+---------+--------+---------+---------------+--------+----------+-----------------+---------+----------+------------+----------+-----------+--------------+-------------+------------+------------+
1 row in set (0.001 sec)

Query OK, 0 rows affected (0.000 sec)
Rows matched: 0  Changed: 0  Warnings: 0

+----+------------------+----------------------------------------------------------------------------------------------------------------+----------------+--------------+
| id | name             | description                                                                                                    | skill_delta_id | type         |
+----+------------------+----------------------------------------------------------------------------------------------------------------+----------------+--------------+
|  1 | Shield Wall      | You and adjacent allies gain a +2 bonus to armor class until the start of your next turn.                      |           NULL | reaction     |
|  2 | Frenzied Strike  | Make an additional weapon attack as a bonus action this turn.                                                  |           NULL | bonus-action |
|  3 | Cloak of Shadows | You become invisible until the start of your next turn, or until you attack or cast a spell.                   |           NULL | action       |
|  4 | Rallying Cry     | Choose a number of allies equal to your proficiency bonus. They gain temporary hit points equal to your level. |           NULL | action       |
|  5 | Divine Shield    | Gain a +1 bonus to AC and advantage on saving throws until the start of your next turn.                        |           NULL | action       |
+----+------------------+----------------------------------------------------------------------------------------------------------------+----------------+--------------+
5 rows in set (0.000 sec)

+----+----------------------+----------------------------------------------------------------------------------------------------------------+------------+
| id | name                 | description                                                                                                    | ability_id |
+----+----------------------+----------------------------------------------------------------------------------------------------------------+------------+
|  1 | Frostfire Blade      | A sword that flickers with icy blue flames. Deals fire and cold damage.                                        |         19 |
|  2 | Ring of Shadows      | A dark silver ring that grants the wearer greater stealth capabilities.                                        |         20 |
|  3 | Cloak of the Phoenix | A vibrant cloak that allows the wearer to burst into flames upon death, dealing fire damage to nearby enemies. |         21 |
|  4 | Amulet of Wisdom     | A golden amulet adorned with a sapphire, enhancing the wearer's wisdom and knowledge.                          |         22 |
|  5 | Boots of the Cat     | These soft, light boots grant incredible agility and reaction time.                                            |         23 |
+----+----------------------+----------------------------------------------------------------------------------------------------------------+------------+
5 rows in set (0.000 sec)

+----+----------------------+-------+-----------------------------------------------------------------------------------------------------------------------+----------+----------------+-----------------------+-------------+---------------------+
| id | name                 | level | description                                                                                                           | duration | skill_delta_id | casting_time          | spell_range | components          |
+----+----------------------+-------+-----------------------------------------------------------------------------------------------------------------------+----------+----------------+-----------------------+-------------+---------------------+
|  1 | Flame Lash           |     2 | A whip made of flames lashes out at a target, dealing fire damage and igniting them for further burns.                |        3 |           NULL | action                | 30ft        | V, S                |
|  2 | Spectral Shield      |     1 | A shimmering barrier appears, granting bonus armor class against the next attack.                                     |        1 |             31 | reaction with trigger | self        | V, S                |
|  3 | Whispers of the Mind |     3 | You invade the mind of a target, forcing them to make a wisdom saving throw or be incapacitated for the duration.     |        4 |           NULL | action                | 60ft        | V, S, M (a feather) |
|  4 | Mend Wounds          |     0 | Heals a small amount of damage to a target, knitting their wounds with magical energy.                                |        1 |             32 | action                | touch       | V, S                |
|  5 | Thunderous Step      |     2 | You teleport up to 30ft and leave a thunderous explosion at your original location, dealing damage to nearby enemies. |        0 |           NULL | bonus action          | self        | V                   |
+----+----------------------+-------+-----------------------------------------------------------------------------------------------------------------------+----------+----------------+-----------------------+-------------+---------------------+
5 rows in set (0.000 sec)

Query OK, 0 rows affected (0.000 sec)

Query OK, 1 row affected (0.000 sec)

Query OK, 1 row affected (0.000 sec)

Query OK, 0 rows affected (0.002 sec)

+----------+-------+-----------------------------------+
| name     | level | description                       |
+----------+-------+-----------------------------------+
| Firebolt |     0 | A bolt of fire deals 1d10 damage. |
+----------+-------+-----------------------------------+
1 row in set (0.001 sec)

Query OK, 0 rows affected (0.000 sec)

Query OK, 1 row affected (0.001 sec)

Query OK, 1 row affected (0.000 sec)

Query OK, 1 row affected (0.000 sec)

Query OK, 0 rows affected (0.002 sec)

+----------------+----------------------------+--------------+--------------+----------------------------------------------+
| item_name      | item_description           | ability_name | ability_type | ability_description                          |
+----------------+----------------------------+--------------+--------------+----------------------------------------------+
| Healing Potion | Effect: Restore 2d4 + 2 HP | Wind Dancer  | non-action   | You gain a +10 bonus to your movement speed. |
+----------------+----------------------------+--------------+--------------+----------------------------------------------+
1 row in set (0.000 sec)

Query OK, 0 rows affected (0.000 sec)

Query OK, 1 row affected (0.000 sec)

Query OK, 1 row affected (0.000 sec)

Query OK, 0 rows affected (0.001 sec)

+------+--------+-------------------------------------+
| name | type   | description                         |
+------+--------+-------------------------------------+
| Rage | action | Enter a frenzied rage for 1 minute. |
+------+--------+-------------------------------------+
1 row in set (0.001 sec)

Query OK, 0 rows affected (0.003 sec)

+--------------+------------------+-------------------------+
| character_id | character_name   | character_base_charisma |
+--------------+------------------+-------------------------+
|            4 | Xandril the Wise |                      16 |
+--------------+------------------+-------------------------+
1 row in set (0.001 sec)

Query OK, 1 row affected (0.002 sec)
Rows matched: 1  Changed: 1  Warnings: 0

+--------------+------------------+-------------------------+
| character_id | character_name   | character_base_charisma |
+--------------+------------------+-------------------------+
|            4 | Xandril the Wise |                      19 |
+--------------+------------------+-------------------------+
1 row in set (0.001 sec)

Query OK, 0 rows affected (0.002 sec)

Query OK, 0 rows affected (0.021 sec)
Records: 0  Duplicates: 0  Warnings: 0

+----+------------------+---------------------------------------------------------------------------+---------+--------------+
| id | name             | description                                                               | user_id | base_stat_id |
+----+------------------+---------------------------------------------------------------------------+---------+--------------+
|  2 | Elara Moonshadow | A 3rd-level Elf Rogue with a talent for stealth and subterfuge.           |       2 |            2 |
|  8 | Kara Dawnsinger  | A 3rd-level Half-Elf Cleric devoted to healing and supporting her allies. |       2 |            8 |
| 21 | Thalindra        | Level 5 Elven Sorcerer, skilled in elemental magic.                       |       2 |           21 |
+----+------------------+---------------------------------------------------------------------------+---------+--------------+
3 rows in set (0.000 sec)

Query OK, 0 rows affected (0.000 sec)

Query OK, 7 rows affected (0.001 sec)
Rows matched: 7  Changed: 7  Warnings: 0

Query OK, 3 rows affected (0.001 sec)
Rows matched: 4  Changed: 3  Warnings: 0

Query OK, 1 row affected (0.001 sec)
Rows matched: 3  Changed: 1  Warnings: 0

Query OK, 0 rows affected (0.000 sec)
Rows matched: 1  Changed: 0  Warnings: 0

Query OK, 0 rows affected (0.002 sec)

Query OK, 0 rows affected (0.020 sec)
Records: 0  Duplicates: 0  Warnings: 0

Query OK, 0 rows affected (0.014 sec)
Records: 0  Duplicates: 0  Warnings: 0

Query OK, 0 rows affected (0.015 sec)
Records: 0  Duplicates: 0  Warnings: 0

Query OK, 0 rows affected (0.015 sec)
Records: 0  Duplicates: 0  Warnings: 0

Query OK, 1 row affected (0.002 sec)

+------------------+----------------------+-------------+
| charcter_name    | spell_name           | activations |
+------------------+----------------------+-------------+
| Elara Moonshadow | Whispers of the Mind |           3 |
| Elara Moonshadow | Thunderous Step      |           0 |
| Elara Moonshadow | Frostbite Aura       |           1 |
| Elara Moonshadow | Aura of Clarity      |           0 |
| Elara Moonshadow | Empowered Strike     |           1 |
+------------------+----------------------+-------------+
5 rows in set (0.001 sec)

Query OK, 1 row affected (0.002 sec)

+---------------------+----------------------+---------------+
| charcter_name       | item_name            | item_quantity |
+---------------------+----------------------+---------------+
| Fennian Brightstone | Frostfire Blade      |             2 |
| Fennian Brightstone | Ring of Shadows      |             3 |
| Fennian Brightstone | Cloak of the Phoenix |             3 |
| Fennian Brightstone | Boots of the Cat     |             1 |
| Fennian Brightstone | Shield of Resilience |             3 |
+---------------------+----------------------+---------------+
5 rows in set (0.001 sec)

Query OK, 1 row affected (0.002 sec)

+------------------+----------------------+
| charcter_name    | ability_name         |
+------------------+----------------------+
| Xandril the Wise | Healing Aura         |
| Xandril the Wise | Counterspell         |
| Xandril the Wise | Inspirational Speech |
| Xandril the Wise | Frostbite            |
| Xandril the Wise | Shadow Step          |
+------------------+----------------------+
5 rows in set (0.001 sec)
